[0m16:08:56.172446 [debug] [MainThread]: Sending event: {'category': 'dbt', 'action': 'invocation', 'label': 'start', 'context': [<snowplow_tracker.self_describing_json.SelfDescribingJson object at 0x0000024C1F0CA180>, <snowplow_tracker.self_describing_json.SelfDescribingJson object at 0x0000024C1F0CAA50>, <snowplow_tracker.self_describing_json.SelfDescribingJson object at 0x0000024C1F0C8500>]}


============================== 16:08:56.191451 | df73642f-384f-4c59-9757-4e5bad37449b ==============================
[0m16:08:56.191451 [info ] [MainThread]: Running with dbt=1.12.0
[0m16:08:56.198656 [debug] [MainThread]: running dbt with arguments {'version_check': 'True', 'no_print': 'None', 'static_parser': 'True', 'target_path': 'None', 'warn_error_options': 'WarnErrorOptionsV2(error=[], warn=[], silence=[])', 'maximum_seed_size_mib': '1', 'printer_width': '80', 'write_json': 'True', 'empty': 'None', 'log_cache_events': 'False', 'introspect': 'True', 'cache_selected_only': 'False', 'log_format': 'default', 'debug': 'False', 'fail_fast': 'False', 'profiles_dir': 'C:\\Users\\Bamba\\.dbt', 'send_anonymous_usage_stats': 'True', 'quiet': 'False', 'warn_error': 'None', 'partial_parse': 'True', 'invocation_command': 'dbt init', 'hints_enabled': 'True', 'use_colors': 'True', 'use_experimental_parser': 'False', 'indirect_selection': 'eager', 'log_path': 'logs'}
[0m16:09:59.249406 [debug] [MainThread]: Starter project path: C:\Users\Bamba\Documents\renewable_grid_analysis\.venv\Lib\site-packages\dbt\include\starter_project
[0m16:09:59.319833 [info ] [MainThread]: Setting up your profile.
[0m16:10:04.477219 [info ] [MainThread]: Running dbt debug to validate the project...
[0m16:10:04.478215 [info ] [MainThread]: dbt version: 1.12.0
[0m16:10:04.478215 [info ] [MainThread]: python version: 3.12.10
[0m16:10:04.479217 [info ] [MainThread]: python path: C:\Users\Bamba\Documents\renewable_grid_analysis\.venv\Scripts\python.exe
[0m16:10:04.480215 [info ] [MainThread]: os info: Windows-10-10.0.19045-SP0
[0m16:10:04.569204 [info ] [MainThread]: Using profiles dir at C:\Users\Bamba\.dbt
[0m16:10:04.570241 [info ] [MainThread]: Using profiles.yml file at C:\Users\Bamba\.dbt\profiles.yml
[0m16:10:04.571203 [info ] [MainThread]: Using dbt_project.yml file at C:\Users\Bamba\Documents\renewable_grid_analysis\dbt_data_analyse\dbt_project.yml
[0m16:10:04.648918 [info ] [MainThread]: adapter type: duckdb
[0m16:10:04.659437 [info ] [MainThread]: adapter version: 1.10.1
[0m16:10:04.799034 [info ] [MainThread]: Configuration:
[0m16:10:04.799994 [info ] [MainThread]:   profiles.yml file [[32mOK found and valid[0m]
[0m16:10:04.800992 [info ] [MainThread]:   dbt_project.yml file [[32mOK found and valid[0m]
[0m16:10:04.800992 [info ] [MainThread]: Required dependencies:
[0m16:10:04.801991 [debug] [MainThread]: Executing "git --help"
[0m16:10:04.843992 [debug] [MainThread]: STDOUT: "b"usage: git [-v | --version] [-h | --help] [-C <path>] [-c <name>=<value>]\n           [--exec-path[=<path>]] [--html-path] [--man-path] [--info-path]\n           [-p | --paginate | -P | --no-pager] [--no-replace-objects] [--no-lazy-fetch]\n           [--no-optional-locks] [--no-advice] [--bare] [--git-dir=<path>]\n           [--work-tree=<path>] [--namespace=<name>] [--config-env=<name>=<envvar>]\n           <command> [<args>]\n\nThese are common Git commands used in various situations:\n\nstart a working area (see also: git help tutorial)\n   clone      Clone a repository into a new directory\n   init       Create an empty Git repository or reinitialize an existing one\n\nwork on the current change (see also: git help everyday)\n   add        Add file contents to the index\n   mv         Move or rename a file, a directory, or a symlink\n   restore    Restore working tree files\n   rm         Remove files from the working tree and from the index\n\nexamine the history and state (see also: git help revisions)\n   bisect     Use binary search to find the commit that introduced a bug\n   diff       Show changes between commits, commit and working tree, etc\n   grep       Print lines matching a pattern\n   log        Show commit logs\n   show       Show various types of objects\n   status     Show the working tree status\n\ngrow, mark and tweak your common history\n   backfill   Download missing objects in a partial clone\n   branch     List, create, or delete branches\n   commit     Record changes to the repository\n   history    EXPERIMENTAL: Rewrite history\n   merge      Join two or more development histories together\n   rebase     Reapply commits on top of another base tip\n   reset      Set `HEAD` or the index to a known state\n   switch     Switch branches\n   tag        Create, list, delete or verify tags\n\ncollaborate (see also: git help workflows)\n   fetch      Download objects and refs from another repository\n   pull       Fetch from and integrate with another repository or a local branch\n   push       Update remote refs along with associated objects\n\n'git help -a' and 'git help -g' list available subcommands and some\nconcept guides. See 'git help <command>' or 'git help <concept>'\nto read about a specific subcommand or concept.\nSee 'git help git' for an overview of the system.\n""
[0m16:10:04.845025 [debug] [MainThread]: STDERR: "b''"
[0m16:10:04.845025 [info ] [MainThread]:  - git [[32mOK found[0m]

[0m16:10:04.845990 [info ] [MainThread]: Connection:
[0m16:10:04.845990 [info ] [MainThread]:   database: dev
[0m16:10:04.846992 [info ] [MainThread]:   schema: main
[0m16:10:04.847994 [info ] [MainThread]:   path: dev.duckdb
[0m16:10:04.847994 [info ] [MainThread]:   config_options: None
[0m16:10:04.848991 [info ] [MainThread]:   extensions: None
[0m16:10:04.848991 [info ] [MainThread]:   settings: {}
[0m16:10:04.849990 [info ] [MainThread]:   external_root: .
[0m16:10:04.849990 [info ] [MainThread]:   use_credential_provider: None
[0m16:10:04.850991 [info ] [MainThread]:   attach: None
[0m16:10:04.851990 [info ] [MainThread]:   filesystems: None
[0m16:10:04.852646 [info ] [MainThread]:   remote: None
[0m16:10:04.852646 [info ] [MainThread]:   plugins: None
[0m16:10:04.853635 [info ] [MainThread]:   disable_transactions: False
[0m16:10:04.854639 [info ] [MainThread]: Registered adapter: duckdb=1.10.1
[0m16:10:05.546547 [debug] [MainThread]: Acquiring new duckdb connection 'debug'
[0m16:10:11.218111 [debug] [MainThread]: Using duckdb connection "debug"
[0m16:10:11.218111 [debug] [MainThread]: On debug: select 1 as id
[0m16:10:11.218111 [debug] [MainThread]: Opening a new connection, currently in state init
[0m16:10:11.289297 [debug] [MainThread]: SQL status: OK in 0.071 seconds
[0m16:10:11.290298 [debug] [MainThread]: On debug: Close
[0m16:10:11.296266 [info ] [MainThread]:   Connection test: [[32mOK connection ok[0m]

[0m16:10:11.297265 [info ] [MainThread]: [32mAll checks passed![0m
[0m16:10:11.297265 [info ] [MainThread]: Your new dbt project "dbt_data_analyse" was created!
Initialized new project in C:\Users\Bamba\Documents\renewable_grid_analysis\dbt_data_analyse\dbt_data_analyse

For more information on how to configure the profiles.yml file,
please consult the dbt documentation here:

  https://docs.getdbt.com/docs/configure-your-profile

One more thing:

Need help? Don't hesitate to reach out to us via GitHub issues or on Slack:

  https://community.getdbt.com/

Happy modeling!

[0m16:10:11.299264 [debug] [MainThread]: Command `dbt init` succeeded at 16:10:11.299264 after 75.28 seconds
[0m16:10:11.300265 [debug] [MainThread]: Connection 'debug' was properly closed.
[0m16:10:11.300265 [debug] [MainThread]: Sending event: {'category': 'dbt', 'action': 'invocation', 'label': 'end', 'context': [<snowplow_tracker.self_describing_json.SelfDescribingJson object at 0x0000024C1D0F4440>, <snowplow_tracker.self_describing_json.SelfDescribingJson object at 0x0000024C1AF2ED20>, <snowplow_tracker.self_describing_json.SelfDescribingJson object at 0x0000024C1F2216A0>]}
[0m16:10:11.301265 [debug] [MainThread]: Flushing usage events
[0m16:10:13.189081 [debug] [MainThread]: An error was encountered while trying to flush usage events
